// Jest Snapshot v1, https://goo.gl/fbAQLP

exports[`<Courses /> 1`] = `
<div
  className="css-bulmef"
>
  <div
    className="css-il7sii"
  >
    <div
      className="css-1u9fuhx"
    >
      <a
        href="/"
        onClick={[Function]}
      >
        <svg
          className="css-1hd2lmz"
          fill="currentColor"
          height="1em"
          stroke="currentColor"
          strokeWidth="0"
          style={
            Object {
              "color": undefined,
            }
          }
          type="button"
          viewBox="0 0 1024 1024"
          width="1em"
          xmlns="http://www.w3.org/2000/svg"
        >
          <path
            d="M946.5 505L534.6 93.4a31.93 31.93 0 0 0-45.2 0L77.5 505c-12 12-18.8 28.3-18.8 45.3 0 35.3 28.7 64 64 64h43.4V908c0 17.7 14.3 32 32 32H448V716h112v224h265.9c17.7 0 32-14.3 32-32V614.3h43.4c17 0 33.3-6.7 45.3-18.8 24.9-25 24.9-65.5-.1-90.5z"
          />
        </svg>
      </a>
    </div>
    <div
      className="css-gmuwbf"
    >
      <h2
        className="css-1n3wmrq"
      >
        Courses
      </h2>
    </div>
    <div
      className="css-1kh8xrj"
    >
      <button
        className="css-y6x91b"
        onClick={[Function]}
        type="button"
      >
        + Create
      </button>
      <button
        className="css-whzvt6"
        onClick={[Function]}
        type="button"
      >
        + Populate From Uni API
      </button>
    </div>
    <div
      className="css-9jn3o8"
    >
      <div
        className="css-1brfyz3"
      >
        <div
          className="css-1lads1q"
        >
          <div
            className="css-aetr73"
          >
            <div
              className="css-k6882c"
            >
              <svg
                className="css-1xb1rov"
                focusable={false}
                role="presentation"
                viewBox="0 0 24 24"
              >
                <path
                  d="M23.384,21.619,16.855,15.09a9.284,9.284,0,1,0-1.768,1.768l6.529,6.529a1.266,1.266,0,0,0,1.768,0A1.251,1.251,0,0,0,23.384,21.619ZM2.75,9.5a6.75,6.75,0,1,1,6.75,6.75A6.758,6.758,0,0,1,2.75,9.5Z"
                  fill="currentColor"
                />
              </svg>
            </div>
            <input
              className="css-n5gi9c"
              onChange={[Function]}
              placeholder="Search by Course Code, Name, Semester or Points"
              type="search"
              value=""
            />
          </div>
        </div>
      </div>
    </div>
    <div
      className="css-nc95w2"
    >
      <div
        className="table css-1bdzjts"
      >
        <table
          className="css-8atqhb"
          role="table"
        >
          <thead
            className="css-0"
          >
            <tr
              className="css-1f81fq5"
              role="row"
            >
              <th
                className="css-11dd6zr"
                colSpan={1}
                onClick={[Function]}
                role="columnheader"
                style={
                  Object {
                    "cursor": "pointer",
                  }
                }
                title="Toggle SortBy"
              >
                <p
                  className="css-7woomv"
                >
                  Course Code 
                </p>
              </th>
              <th
                className="css-11dd6zr"
                colSpan={1}
                onClick={[Function]}
                role="columnheader"
                style={
                  Object {
                    "cursor": "pointer",
                  }
                }
                title="Toggle SortBy"
              >
                <p
                  className="css-7woomv"
                >
                  Course Name 
                </p>
              </th>
              <th
                className="css-11dd6zr"
                colSpan={1}
                onClick={[Function]}
                role="columnheader"
                style={
                  Object {
                    "cursor": "pointer",
                  }
                }
                title="Toggle SortBy"
              >
                <p
                  className="css-7woomv"
                >
                  Semester(s) 
                </p>
              </th>
              <th
                className="css-11dd6zr"
                colSpan={1}
                onClick={[Function]}
                role="columnheader"
                style={
                  Object {
                    "cursor": "pointer",
                  }
                }
                title="Toggle SortBy"
              >
                <p
                  className="css-7woomv"
                >
                  Points 
                </p>
              </th>
            </tr>
          </thead>
          <tbody
            className="css-0"
            role="rowgroup"
          />
        </table>
        <div
          className="css-ol8uv0"
        >
          <p
            className="css-1mg9g8m"
          >
            No data found
          </p>
        </div>
      </div>
    </div>
  </div>
  <div
    className="css-mzeyh"
  >
    <div
      className="css-lt6aye"
    >
      <p
        className="css-1fwnx19"
      >
        Create or select a Course to view its information here
      </p>
    </div>
  </div>
</div>
`;

exports[`Empty Courses 1`] = `
<div
  className="css-lt6aye"
>
  <p
    className="css-1fwnx19"
  >
    Create or select a Course to view its information here
  </p>
</div>
`;

exports[`Modal to add Regulations for Courses 1`] = `null`;

exports[`UoA API Populate Courses Modal 1`] = `null`;
